// Jest Snapshot v1, https://goo.gl/fbAQLP

exports[`SubscribeSection snapshot 1`] = `
<DocumentFragment>
  <section
    class="py-16 bg-[var(--surface)]"
  >
    <div
      class="container-base max-w-2xl"
    >
      <h2
        class="text-2xl font-bold mb-4 text-center"
      >
        Subscribe to our Newsletter
      </h2>
      <div
        class="rounded-xl overflow-hidden shadow ring-1 ring-black/10 bg-white p-4"
      >
        <iframe
          allowfullscreen=""
          loading="lazy"
          src="https://embeds.beehiiv.com/1b1e2e2b-2e2e-4e2e-8e2e-2e2e2e2e2e2e?slim=true"
          style="width: 100%; min-height: 320px; background: transparent;"
          title="Newsletter Signup"
        />
      </div>
    </div>
  </section>
</DocumentFragment>
`;
