// Jest Snapshot v1, https://goo.gl/fbAQLP

exports[`Button snapshot 1`] = `
<DocumentFragment>
  <button
    class="inline-flex items-center justify-center rounded-md text-sm font-medium transition-colors focus-visible:outline-none focus-visible:ring-2 focus-visible:ring-offset-2 disabled:opacity-50 disabled:pointer-events-none bg-[var(--blue)] text-white hover:opacity-90 focus-visible:ring-[var(--blue)] ring-offset-[var(--surface)] px-4 py-2 "
  />
</DocumentFragment>
`;
