// Jest Snapshot v1, https://goo.gl/fbAQLP

exports[`events portal entry snapshot 1`] = `
<DocumentFragment>
  <div
    class="text-center space-y-8"
  >
    <div>
      <div
        class="text-8xl mb-6"
      >
        ðŸšª
      </div>
      <h1
        class="text-4xl font-extrabold text-[var(--blue)] mb-4"
      >
        Events Portal
      </h1>
      <p
        class="text-xl text-gray-600 max-w-2xl mx-auto leading-relaxed"
      >
        Welcome to the Events Management Portal. This is a secure area for authorized users to create, edit, and manage community events.
      </p>
    </div>
    <div
      class="bg-amber-50 border border-amber-200 rounded-xl p-6 max-w-md mx-auto"
    >
      <div
        class="flex items-center gap-3 mb-3"
      >
        <span
          class="text-2xl"
        >
          ðŸ”’
        </span>
        <h3
          class="font-semibold text-amber-800"
        >
          Authentication Required
        </h3>
      </div>
      <p
        class="text-sm text-amber-700 mb-4"
      >
        You need valid credentials to access the portal management features.
      </p>
      <a
        class="btn-cozy btn-primary w-full inline-block text-center"
        href="/extras/portals/events/login"
      >
        Login to Portal
      </a>
    </div>
    <div
      class="pt-6"
    >
      <p
        class="text-gray-500 text-sm mb-3"
      >
        Not authorized?
      </p>
      <div
        class="flex gap-4 justify-center"
      >
        <a
          class="btn-cozy btn-outline"
          href="/events"
        >
          View Public Events
        </a>
        <a
          class="text-[var(--blue)] hover:text-[var(--red)] underline text-sm py-3"
          href="/contact-us"
        >
          Request Access
        </a>
      </div>
    </div>
  </div>
</DocumentFragment>
`;
