// Jest Snapshot v1, https://goo.gl/fbAQLP

exports[`Footer snapshot 1`] = `
<DocumentFragment>
  <footer
    class="relative mt-12 border-t border-black/10"
  >
    <div
      class="bg-white"
    >
      <div
        class="container-base py-5 flex flex-col md:flex-row md:items-center md:justify-between gap-4"
      >
        <div
          class="relative flex items-center gap-3"
        >
          <span
            aria-hidden="true"
            class="logo-mask-blue rounded-sm"
            style="width: 28px; height: 28px;"
          />
          <div
            class="text-sm text-gray-700"
          >
            <a
              aria-expanded="false"
              aria-haspopup="menu"
              class="hover:underline focus:underline outline-none cursor-pointer"
              href="/release-notes"
            >
              Â© 2025 CUMSA
            </a>
          </div>
        </div>
        <div
          class="text-[var(--navy)]"
          data-testid="stub"
        />
      </div>
    </div>
  </footer>
</DocumentFragment>
`;
