// Jest Snapshot v1, https://goo.gl/fbAQLP

exports[`contact form snapshot 1`] = `
<DocumentFragment>
  <form
    class="mt-3 space-y-3"
  >
    <div
      data-testid="stub"
      name="name"
      placeholder="Your name"
      required=""
    />
    <div
      data-testid="stub"
      name="email"
      placeholder="Your email"
      required=""
      type="email"
    />
    <div
      data-testid="stub"
      name="subject"
      placeholder="Subject"
    />
    <textarea
      class="w-full rounded-md border border-black/10 bg-[var(--surface)] px-3 py-2 text-[var(--foreground)] placeholder-[var(--muted)] focus:outline-none focus:ring-2 focus:ring-[var(--blue)]"
      name="message"
      placeholder="Message"
      required=""
      rows="5"
    />
    <div
      class="flex items-center gap-3"
    >
      <div
        data-testid="stub"
        type="submit"
      >
        Send
      </div>
    </div>
  </form>
</DocumentFragment>
`;
