// Jest Snapshot v1, https://goo.gl/fbAQLP

exports[`contact page snapshot 1`] = `
<DocumentFragment>
  <div
    class="container-base py-12"
  >
    <h1
      class="text-3xl font-bold"
    >
      Contact Us
    </h1>
    <div
      class="mt-4 grid gap-8 md:grid-cols-2"
    >
      <section>
        <h2
          class="text-xl font-semibold"
        >
          General Inquiries
        </h2>
        <p
          class="mt-2"
        >
          <a
            class="text-[var(--blue)]"
            href="mailto:info@cumsa.ca"
          >
            info@cumsa.ca
          </a>
        </p>
        <div
          class="mt-4 text-gray-700"
        >
          <p>
            Muslim Studentsâ€™ Association
          </p>
          <p>
            Carleton University
          </p>
          <p>
            426 University Centre
          </p>
          <p>
            1125 Colonel By Drive
          </p>
          <p>
            Ottawa, ON K1S 5B6
          </p>
        </div>
        <div
          class="mt-6 text-[var(--blue)]"
          data-testid="stub"
        />
      </section>
      <section>
        <h2
          class="text-xl font-semibold"
        >
          Send us a message
        </h2>
        <form
          class="mt-3 space-y-3"
        >
          <div
            data-testid="stub"
            name="name"
            placeholder="Your name"
            required=""
          />
          <div
            data-testid="stub"
            name="email"
            placeholder="Your email"
            required=""
            type="email"
          />
          <div
            data-testid="stub"
            name="subject"
            placeholder="Subject"
          />
          <textarea
            class="w-full rounded-md border border-black/10 bg-[var(--surface)] px-3 py-2 text-[var(--foreground)] placeholder-[var(--muted)] focus:outline-none focus:ring-2 focus:ring-[var(--blue)]"
            name="message"
            placeholder="Message"
            required=""
            rows="5"
          />
          <div
            class="flex items-center gap-3"
          >
            <div
              data-testid="stub"
              type="submit"
            >
              Send
            </div>
          </div>
        </form>
      </section>
    </div>
  </div>
</DocumentFragment>
`;
