// Jest Snapshot v1, https://goo.gl/fbAQLP

exports[`join us page snapshot 1`] = `
<DocumentFragment>
  <div
    class="container-base py-12"
  >
    <h1
      class="text-3xl font-bold title"
    >
      Become a Council Member
    </h1>
    <p
      class="mt-4 text-gray-700"
    >
      Lead committees, plan events, and build valuable skills while serving the community. Teams include Finance, Communications, Student Life, Internal, External, Services, and Administration.
    </p>
    <a
      class="mt-6 inline-block px-5 py-2.5 rounded-md bg-[var(--blue)] text-white transition-base hover:opacity-90"
      href="https://docs.google.com/forms/d/e/1FAIpQLSelz_Ag6-8c5Fz5r0MqIC9urPbZrk5DLmHr_J8-ut0Cc3uJgw/viewform"
      rel="noopener noreferrer"
      target="_blank"
    >
      Click Here to Apply
    </a>
    <div
      class="mt-10 grid gap-6 md:grid-cols-2"
    >
      <section>
        <h2
          class="text-xl font-semibold text-[var(--red)]"
        >
          Stay in the Loop
        </h2>
        <p
          class="mt-2 text-gray-700"
        >
          Subscribe to our weekly newsletter for updates on events, prayer locations and times, and reminders.
        </p>
      </section>
      <section
        class="card p-6"
      >
        <h2
          class="text-xl font-semibold text-[var(--red)]"
        >
          Join Our Discord
        </h2>
        <p
          class="mt-2 text-gray-700"
        >
          Our primary channel for announcements and community.
        </p>
        <a
          class="link-cta"
          href="https://discord.gg/GyV5tjQ5yw"
          rel="noopener noreferrer"
          target="_blank"
        >
          Join our Discord â†’
        </a>
      </section>
    </div>
  </div>
</DocumentFragment>
`;
