// Jest Snapshot v1, https://goo.gl/fbAQLP

exports[`roommate services page snapshot 1`] = `
<DocumentFragment>
  <div
    class="container-base py-12"
  >
    <h1
      class="text-3xl font-bold"
    >
      Roommate Services
    </h1>
    <p
      class="mt-2 text-gray-700"
    >
      Search and filter community housing posts. Separate filters for brothers and sisters.
    </p>
    <div
      class="mt-6 grid gap-4 md:grid-cols-4"
    >
      <input
        class="md:col-span-2 w-full rounded-md border border-gray-300 px-3 py-2 focus:outline-none focus:ring-2 focus:ring-[var(--blue)]"
        placeholder="Search by title or location"
        value=""
      />
      <select
        class="w-full rounded-md border border-gray-300 px-3 py-2 focus:outline-none focus:ring-2 focus:ring-[var(--blue)]"
      >
        <option
          value="all"
        >
          All
        </option>
        <option
          value="brothers"
        >
          Brothers
        </option>
        <option
          value="sisters"
        >
          Sisters
        </option>
      </select>
      <input
        class="w-full rounded-md border border-gray-300 px-3 py-2 focus:outline-none focus:ring-2 focus:ring-[var(--blue)]"
        min="0"
        placeholder="Max price ($)"
        type="number"
        value=""
      />
    </div>
    <div
      class="mt-6 grid gap-4 md:grid-cols-3"
    >
      <div
        class="border rounded-lg p-4"
      >
        <div
          class="flex items-start justify-between gap-3"
        >
          <h3
            class="font-semibold"
          >
            Room near campus
          </h3>
          <span
            class="text-xs px-2 py-1 rounded-full bg-blue-100 text-blue-700"
          >
            Brothers
          </span>
        </div>
        <p
          class="mt-1 text-gray-600"
        >
          Sandy Hill
        </p>
        <p
          class="mt-2 font-medium"
        >
          $700 / mo
        </p>
      </div>
      <div
        class="border rounded-lg p-4"
      >
        <div
          class="flex items-start justify-between gap-3"
        >
          <h3
            class="font-semibold"
          >
            Shared apartment
          </h3>
          <span
            class="text-xs px-2 py-1 rounded-full bg-pink-100 text-pink-700"
          >
            Sisters
          </span>
        </div>
        <p
          class="mt-1 text-gray-600"
        >
          Centretown
        </p>
        <p
          class="mt-2 font-medium"
        >
          $650 / mo
        </p>
      </div>
      <div
        class="border rounded-lg p-4"
      >
        <div
          class="flex items-start justify-between gap-3"
        >
          <h3
            class="font-semibold"
          >
            Basement room
          </h3>
          <span
            class="text-xs px-2 py-1 rounded-full bg-blue-100 text-blue-700"
          >
            Brothers
          </span>
        </div>
        <p
          class="mt-1 text-gray-600"
        >
          Nepean
        </p>
        <p
          class="mt-2 font-medium"
        >
          $550 / mo
        </p>
      </div>
    </div>
  </div>
</DocumentFragment>
`;
