// Jest Snapshot v1, https://goo.gl/fbAQLP

exports[`gallery page snapshot 1`] = `
<DocumentFragment>
  <div
    class="container-base py-8"
  >
    <h1
      class="text-3xl font-bold text-[var(--navy)] mb-8"
    >
      Gallery
    </h1>
    <div
      class="grid grid-cols-1 md:grid-cols-2 lg:grid-cols-3 gap-6"
    >
      <div
        class="bg-white rounded-lg shadow-md overflow-hidden hover:shadow-lg transition-all duration-300 transform hover:scale-105"
        style="animation-delay: 0s;"
      >
        <div
          class="aspect-square bg-gray-200 flex items-center justify-center"
        >
          <img
            alt="Event Photo 1"
            class="object-cover w-full h-full"
            height="300"
            src="/CU-MSA-LOGO.png"
            width="300"
          />
        </div>
        <div
          class="p-4"
        >
          <h3
            class="text-lg font-semibold text-[var(--navy)]"
          >
            Community Gathering
          </h3>
        </div>
      </div>
      <div
        class="bg-white rounded-lg shadow-md overflow-hidden hover:shadow-lg transition-all duration-300 transform hover:scale-105"
        style="animation-delay: 0.1s;"
      >
        <div
          class="aspect-square bg-gray-200 flex items-center justify-center"
        >
          <img
            alt="Event Photo 2"
            class="object-cover w-full h-full"
            height="300"
            src="/CU-MSA-LOGO.png"
            width="300"
          />
        </div>
        <div
          class="p-4"
        >
          <h3
            class="text-lg font-semibold text-[var(--navy)]"
          >
            Prayer Session
          </h3>
        </div>
      </div>
      <div
        class="bg-white rounded-lg shadow-md overflow-hidden hover:shadow-lg transition-all duration-300 transform hover:scale-105"
        style="animation-delay: 0.2s;"
      >
        <div
          class="aspect-square bg-gray-200 flex items-center justify-center"
        >
          <img
            alt="Event Photo 3"
            class="object-cover w-full h-full"
            height="300"
            src="/CU-MSA-LOGO.png"
            width="300"
          />
        </div>
        <div
          class="p-4"
        >
          <h3
            class="text-lg font-semibold text-[var(--navy)]"
          >
            Charity Drive
          </h3>
        </div>
      </div>
      <div
        class="bg-white rounded-lg shadow-md overflow-hidden hover:shadow-lg transition-all duration-300 transform hover:scale-105"
        style="animation-delay: 0.30000000000000004s;"
      >
        <div
          class="aspect-square bg-gray-200 flex items-center justify-center"
        >
          <img
            alt="Event Photo 4"
            class="object-cover w-full h-full"
            height="300"
            src="/CU-MSA-LOGO.png"
            width="300"
          />
        </div>
        <div
          class="p-4"
        >
          <h3
            class="text-lg font-semibold text-[var(--navy)]"
          >
            Cultural Event
          </h3>
        </div>
      </div>
      <div
        class="bg-white rounded-lg shadow-md overflow-hidden hover:shadow-lg transition-all duration-300 transform hover:scale-105"
        style="animation-delay: 0.4s;"
      >
        <div
          class="aspect-square bg-gray-200 flex items-center justify-center"
        >
          <img
            alt="Event Photo 5"
            class="object-cover w-full h-full"
            height="300"
            src="/CU-MSA-LOGO.png"
            width="300"
          />
        </div>
        <div
          class="p-4"
        >
          <h3
            class="text-lg font-semibold text-[var(--navy)]"
          >
            Youth Program
          </h3>
        </div>
      </div>
      <div
        class="bg-white rounded-lg shadow-md overflow-hidden hover:shadow-lg transition-all duration-300 transform hover:scale-105"
        style="animation-delay: 0.5s;"
      >
        <div
          class="aspect-square bg-gray-200 flex items-center justify-center"
        >
          <img
            alt="Event Photo 6"
            class="object-cover w-full h-full"
            height="300"
            src="/CU-MSA-LOGO.png"
            width="300"
          />
        </div>
        <div
          class="p-4"
        >
          <h3
            class="text-lg font-semibold text-[var(--navy)]"
          >
            Fundraiser
          </h3>
        </div>
      </div>
    </div>
  </div>
</DocumentFragment>
`;
