// Jest Snapshot v1, https://goo.gl/fbAQLP

exports[`MasajidMapClient snapshot 1`] = `
<DocumentFragment>
  <div
    class="p-4 text-sm text-gray-600"
  >
    No masajid available.
  </div>
</DocumentFragment>
`;
