// Jest Snapshot v1, https://goo.gl/fbAQLP

exports[`home page snapshot 1`] = `
<DocumentFragment>
  <div>
    <div
      data-testid="stub"
    />
    <section
      class="bg-white"
    >
      <div
        class="container-base py-8 flex justify-center"
      >
        <img
          alt="Bismillah banner"
          class="w-full max-w-4xl h-auto rounded-lg border border-black/10"
          height="200"
          src="/salam-1.png"
          width="900"
        />
      </div>
    </section>
    <section
      class="bg-[var(--surface)]"
    >
      <div
        class="container-base py-12"
      >
        <h2
          class="text-2xl font-bold text-center title"
        >
          Our Services
        </h2>
        <div
          class="mt-6 grid gap-6 md:grid-cols-3"
        >
          <div
            data-testid="stub"
          >
            <a
              class="no-underline"
              href="/services/prayer"
            >
              <h3
                class="font-semibold text-lg"
              >
                Prayers
              </h3>
              <p
                class="mt-2 text-gray-600"
              >
                Find prayer spaces on campus and Jummah updates.
              </p>
              <span
                class="mt-3 inline-block link-cta"
              >
                Click Here →
              </span>
            </a>
          </div>
          <div
            data-testid="stub"
          >
            <a
              class="no-underline"
              href="/services/equity"
            >
              <h3
                class="font-semibold text-lg"
              >
                Equity Services
              </h3>
              <p
                class="mt-2 text-gray-600"
              >
                Know your rights and how to request religious accommodations.
              </p>
              <span
                class="mt-3 inline-block link-cta"
              >
                Click Here →
              </span>
            </a>
          </div>
          <div
            data-testid="stub"
          >
            <a
              class="no-underline"
              href="/services/roommate"
            >
              <h3
                class="font-semibold text-lg"
              >
                Roommate Services
              </h3>
              <p
                class="mt-2 text-gray-600"
              >
                Need a place to stay? Search community listings.
              </p>
              <span
                class="mt-3 inline-block link-cta"
              >
                Click Here →
              </span>
            </a>
          </div>
        </div>
      </div>
    </section>
    <section>
      <div
        class="container-base py-12"
      >
        <h2
          class="text-2xl font-bold text-center title"
        >
          Our Purpose
        </h2>
        <div
          class="mt-6 grid gap-8 md:grid-cols-3"
        >
          <div
            class="card p-6"
          >
            <h3
              class="font-semibold"
            >
              Who We Are
            </h3>
            <p
              class="mt-2 text-gray-700"
            >
              We’re the campus hub for practicing and growing in faith, building an inclusive community for students.
            </p>
          </div>
          <div
            class="card p-6"
          >
            <h3
              class="font-semibold"
            >
              What We Do
            </h3>
            <p
              class="mt-2 text-gray-700"
            >
              We represent Muslim students, organize services and events, and encourage civic engagement and learning.
            </p>
          </div>
          <div
            class="card p-6"
          >
            <h3
              class="font-semibold"
            >
              Who We Serve
            </h3>
            <p
              class="mt-2 text-gray-700"
            >
              We support the Muslim student body at Carleton—our diverse family keeps growing every year.
            </p>
          </div>
        </div>
      </div>
    </section>
    <div
      data-testid="stub"
    />
  </div>
</DocumentFragment>
`;
