// Jest Snapshot v1, https://goo.gl/fbAQLP

exports[`Input snapshot 1`] = `
<DocumentFragment>
  <input
    class="w-full rounded-md border border-black/10 bg-[var(--surface)] px-3 py-2 text-[var(--foreground)] placeholder-[var(--muted)] focus:outline-none focus:ring-2 focus:ring-[var(--blue)] "
  />
</DocumentFragment>
`;
